------------------------------------------------------------
Timing Analyzer Summary
------------------------------------------------------------

Type  : Slow 1100mV 85C Model Setup 'CLOCK_50'
Slack : -10.618
TNS   : -11899.642

Type  : Slow 1100mV 85C Model Hold 'CLOCK_50'
Slack : 0.442
TNS   : 0.000

Type  : Slow 1100mV 85C Model Recovery 'SW[9]'
Slack : -4.838
TNS   : -4.838

Type  : Slow 1100mV 85C Model Recovery 'KEY[1]'
Slack : -4.740
TNS   : -4.740

Type  : Slow 1100mV 85C Model Removal 'KEY[1]'
Slack : 1.178
TNS   : 0.000

Type  : Slow 1100mV 85C Model Removal 'SW[9]'
Slack : 1.359
TNS   : 0.000

Type  : Slow 1100mV 85C Model Minimum Pulse Width 'CLOCK_50'
Slack : -0.538
TNS   : -1297.042

Type  : Slow 1100mV 85C Model Minimum Pulse Width 'SW[9]'
Slack : -0.538
TNS   : -0.990

Type  : Slow 1100mV 85C Model Minimum Pulse Width 'KEY[1]'
Slack : -0.538
TNS   : -0.854

Type  : Slow 1100mV 0C Model Setup 'CLOCK_50'
Slack : -10.763
TNS   : -11549.903

Type  : Slow 1100mV 0C Model Hold 'CLOCK_50'
Slack : 0.451
TNS   : 0.000

Type  : Slow 1100mV 0C Model Recovery 'SW[9]'
Slack : -5.036
TNS   : -5.036

Type  : Slow 1100mV 0C Model Recovery 'KEY[1]'
Slack : -4.948
TNS   : -4.948

Type  : Slow 1100mV 0C Model Removal 'KEY[1]'
Slack : 1.255
TNS   : 0.000

Type  : Slow 1100mV 0C Model Removal 'SW[9]'
Slack : 1.414
TNS   : 0.000

Type  : Slow 1100mV 0C Model Minimum Pulse Width 'CLOCK_50'
Slack : -0.538
TNS   : -1311.634

Type  : Slow 1100mV 0C Model Minimum Pulse Width 'SW[9]'
Slack : -0.538
TNS   : -1.010

Type  : Slow 1100mV 0C Model Minimum Pulse Width 'KEY[1]'
Slack : -0.538
TNS   : -0.881

Type  : Fast 1100mV 85C Model Setup 'CLOCK_50'
Slack : -4.956
TNS   : -5407.128

Type  : Fast 1100mV 85C Model Hold 'CLOCK_50'
Slack : 0.184
TNS   : 0.000

Type  : Fast 1100mV 85C Model Recovery 'SW[9]'
Slack : -2.285
TNS   : -2.285

Type  : Fast 1100mV 85C Model Recovery 'KEY[1]'
Slack : -2.045
TNS   : -2.045

Type  : Fast 1100mV 85C Model Removal 'KEY[1]'
Slack : 0.431
TNS   : 0.000

Type  : Fast 1100mV 85C Model Removal 'SW[9]'
Slack : 0.779
TNS   : 0.000

Type  : Fast 1100mV 85C Model Minimum Pulse Width 'SW[9]'
Slack : -0.421
TNS   : -0.510

Type  : Fast 1100mV 85C Model Minimum Pulse Width 'KEY[1]'
Slack : -0.154
TNS   : -0.180

Type  : Fast 1100mV 85C Model Minimum Pulse Width 'CLOCK_50'
Slack : -0.102
TNS   : -158.198

Type  : Fast 1100mV 0C Model Setup 'CLOCK_50'
Slack : -4.426
TNS   : -4677.121

Type  : Fast 1100mV 0C Model Hold 'CLOCK_50'
Slack : 0.173
TNS   : 0.000

Type  : Fast 1100mV 0C Model Recovery 'SW[9]'
Slack : -2.073
TNS   : -2.073

Type  : Fast 1100mV 0C Model Recovery 'KEY[1]'
Slack : -1.864
TNS   : -1.864

Type  : Fast 1100mV 0C Model Removal 'KEY[1]'
Slack : 0.436
TNS   : 0.000

Type  : Fast 1100mV 0C Model Removal 'SW[9]'
Slack : 0.725
TNS   : 0.000

Type  : Fast 1100mV 0C Model Minimum Pulse Width 'SW[9]'
Slack : -0.406
TNS   : -0.486

Type  : Fast 1100mV 0C Model Minimum Pulse Width 'KEY[1]'
Slack : -0.170
TNS   : -0.182

Type  : Fast 1100mV 0C Model Minimum Pulse Width 'CLOCK_50'
Slack : -0.100
TNS   : -157.544

------------------------------------------------------------
