------------------------------------------------------------
Timing Analyzer Summary
------------------------------------------------------------

Type  : Slow 1100mV 85C Model Setup 'KEY[0]'
Slack : -8.339
TNS   : -1128.569

Type  : Slow 1100mV 85C Model Setup 'CLOCK_50'
Slack : -3.437
TNS   : -3.437

Type  : Slow 1100mV 85C Model Hold 'KEY[0]'
Slack : 0.330
TNS   : 0.000

Type  : Slow 1100mV 85C Model Hold 'CLOCK_50'
Slack : 0.785
TNS   : 0.000

Type  : Slow 1100mV 85C Model Recovery 'KEY[0]'
Slack : -3.452
TNS   : -3.452

Type  : Slow 1100mV 85C Model Removal 'KEY[0]'
Slack : 1.816
TNS   : 0.000

Type  : Slow 1100mV 85C Model Minimum Pulse Width 'CLOCK_50'
Slack : -0.721
TNS   : -1.259

Type  : Slow 1100mV 85C Model Minimum Pulse Width 'KEY[0]'
Slack : -0.632
TNS   : -221.724

Type  : Slow 1100mV 0C Model Setup 'KEY[0]'
Slack : -8.586
TNS   : -1118.064

Type  : Slow 1100mV 0C Model Setup 'CLOCK_50'
Slack : -3.360
TNS   : -3.360

Type  : Slow 1100mV 0C Model Hold 'KEY[0]'
Slack : 0.332
TNS   : 0.000

Type  : Slow 1100mV 0C Model Hold 'CLOCK_50'
Slack : 0.636
TNS   : 0.000

Type  : Slow 1100mV 0C Model Recovery 'KEY[0]'
Slack : -3.524
TNS   : -3.524

Type  : Slow 1100mV 0C Model Removal 'KEY[0]'
Slack : 1.737
TNS   : 0.000

Type  : Slow 1100mV 0C Model Minimum Pulse Width 'KEY[0]'
Slack : -0.725
TNS   : -244.219

Type  : Slow 1100mV 0C Model Minimum Pulse Width 'CLOCK_50'
Slack : -0.712
TNS   : -1.263

Type  : Fast 1100mV 85C Model Setup 'KEY[0]'
Slack : -3.669
TNS   : -482.832

Type  : Fast 1100mV 85C Model Setup 'CLOCK_50'
Slack : -2.689
TNS   : -2.689

Type  : Fast 1100mV 85C Model Hold 'KEY[0]'
Slack : 0.128
TNS   : 0.000

Type  : Fast 1100mV 85C Model Hold 'CLOCK_50'
Slack : 0.358
TNS   : 0.000

Type  : Fast 1100mV 85C Model Recovery 'KEY[0]'
Slack : -1.231
TNS   : -1.231

Type  : Fast 1100mV 85C Model Removal 'KEY[0]'
Slack : 0.767
TNS   : 0.000

Type  : Fast 1100mV 85C Model Minimum Pulse Width 'CLOCK_50'
Slack : -0.769
TNS   : -1.353

Type  : Fast 1100mV 85C Model Minimum Pulse Width 'KEY[0]'
Slack : -0.760
TNS   : -195.606

Type  : Fast 1100mV 0C Model Setup 'KEY[0]'
Slack : -3.284
TNS   : -424.007

Type  : Fast 1100mV 0C Model Setup 'CLOCK_50'
Slack : -2.468
TNS   : -2.468

Type  : Fast 1100mV 0C Model Hold 'KEY[0]'
Slack : 0.111
TNS   : 0.000

Type  : Fast 1100mV 0C Model Hold 'CLOCK_50'
Slack : 0.245
TNS   : 0.000

Type  : Fast 1100mV 0C Model Recovery 'KEY[0]'
Slack : -1.075
TNS   : -1.075

Type  : Fast 1100mV 0C Model Removal 'KEY[0]'
Slack : 0.683
TNS   : 0.000

Type  : Fast 1100mV 0C Model Minimum Pulse Width 'KEY[0]'
Slack : -0.799
TNS   : -222.305

Type  : Fast 1100mV 0C Model Minimum Pulse Width 'CLOCK_50'
Slack : -0.763
TNS   : -1.400

------------------------------------------------------------
